I'm sorry, but errors were detected in your script. Please correct the
errors listed below, and try again.


File "game/Scene2.rpy", line 51: Line is indented, but the preceding show statement statement does not expect a block. Please check this line's indentation. You may have forgotten a colon (:).
    ""
    ^

Ren'Py Version: Ren'Py 8.1.3.23091805
Tue Jan  2 18:32:45 2024
